// Jest Snapshot v1, https://goo.gl/fbAQLP

exports[`<ListProductScreen/> <ListProductScreen/> 1`] = `
<View
  accessibilityState={
    {
      "busy": undefined,
      "checked": undefined,
      "disabled": undefined,
      "expanded": undefined,
      "selected": undefined,
    }
  }
  accessibilityValue={
    {
      "max": undefined,
      "min": undefined,
      "now": undefined,
      "text": undefined,
    }
  }
  accessible={true}
  collapsable={false}
  focusable={true}
  onBlur={[Function]}
  onClick={[Function]}
  onFocus={[Function]}
  onResponderGrant={[Function]}
  onResponderMove={[Function]}
  onResponderRelease={[Function]}
  onResponderTerminate={[Function]}
  onResponderTerminationRequest={[Function]}
  onStartShouldSetResponder={[Function]}
  style={
    {
      "borderBottomWidth": 2,
      "borderColor": "#D3D3D3",
      "display": "flex",
      "flex": 1,
      "flexDirection": "column",
      "margin": 10,
    }
  }
  testID="myButton"
>
  <View
    style={
      {
        "alignItems": "center",
        "backgroundColor": "#ffffff",
        "borderColor": "#bcbbc1",
        "flexDirection": "row",
        "padding": 14,
      }
    }
    testID="RNE__LISTITEM__padView"
  >
    <View
      style={
        [
          {
            "alignItems": "flex-start",
            "flex": 1,
            "justifyContent": "center",
          },
          undefined,
        ]
      }
      theme={
        {
          "colors": {
            "background": "#ffffff",
            "black": "#242424",
            "disabled": "hsl(208, 8%, 90%)",
            "divider": "#bcbbc1",
            "error": "#ff190c",
            "grey0": "#393e42",
            "grey1": "#43484d",
            "grey2": "#5e6977",
            "grey3": "#86939e",
            "grey4": "#bdc6cf",
            "grey5": "#e1e8ee",
            "greyOutline": "#bbb",
            "platform": {
              "android": {
                "error": "#f44336",
                "grey": "rgba(0, 0, 0, 0.54)",
                "primary": "#2196f3",
                "searchBg": "#dcdce1",
                "secondary": "#9C27B0",
                "success": "#4caf50",
                "warning": "#ffeb3b",
              },
              "default": {
                "error": "#ff3b30",
                "grey": "#7d7d7d",
                "primary": "#007aff",
                "searchBg": "#dcdce1",
                "secondary": "#5856d6",
                "success": "#4cd964",
                "warning": "#ffcc00",
              },
              "ios": {
                "error": "#ff3b30",
                "grey": "#7d7d7d",
                "primary": "#007aff",
                "searchBg": "#dcdce1",
                "secondary": "#5856d6",
                "success": "#4cd964",
                "warning": "#ffcc00",
              },
              "web": {
                "error": "#ff190c",
                "grey": "#393e42",
                "primary": "#2089dc",
                "searchBg": "#303337",
                "secondary": "#ca71eb",
                "success": "#52c41a",
                "warning": "#faad14",
              },
            },
            "primary": "#2089dc",
            "searchBg": "#303337",
            "secondary": "#ad1457",
            "success": "#52c41a",
            "warning": "#faad14",
            "white": "#ffffff",
          },
          "spacing": {
            "lg": 12,
            "md": 8,
            "sm": 4,
            "xl": 24,
            "xs": 2,
          },
        }
      }
    >
      <View
        style={
          {
            "alignItems": "flex-end",
            "display": "flex",
            "flexDirection": "column",
            "justifyContent": "flex-end",
            "width": 710,
          }
        }
      >
        <Text
          style={
            {
              "backgroundColor": "#00FF7F",
              "padding": 5,
            }
          }
        >
          -25%
        </Text>
      </View>
      <View
        style={
          {
            "display": "flex",
            "flex": 1,
            "flexDirection": "row",
            "justifyContent": "flex-start",
          }
        }
      >
        <View
          style={
            {
              "backgroundColor": "#00FF7F",
              "height": 60,
              "marginRight": 20,
              "width": 60,
            }
          }
        />
        <View
          style={
            {
              "marginBottom": 5,
            }
          }
        >
          <Text
            accessibilityRole="text"
            style={
              {
                "backgroundColor": "transparent",
                "color": "#242424",
                "fontFamily": "Helvetica",
                "fontSize": 20,
                "fontWeight": "bold",
              }
            }
            testID="listItemTitle"
          >
            Pera
          </Text>
          <Text
            accessibilityRole="text"
            style={
              {
                "backgroundColor": "transparent",
                "color": "#808080",
                "fontFamily": "Helvetica",
                "fontSize": 14,
                "fontWeight": "400",
                "marginBottom": 8,
              }
            }
            testID="listItemTitle"
          >
            Roca
             - 
            Roca
          </Text>
          <Text
            style={
              {
                "color": "#000",
                "fontFamily": "Helvetica",
                "fontSize": 14,
                "fontWeight": "600",
              }
            }
          >
            $
            600
          </Text>
          <Text
            style={
              {
                "color": "#808080",
                "fontFamily": "Helvetica",
                "fontSize": 14,
                "fontWeight": "400",
              }
            }
          >
            40
             kg
          </Text>
        </View>
      </View>
    </View>
  </View>
</View>
`;
