// Jest Snapshot v1, https://goo.gl/fbAQLP

exports[`<SpecificProductScreen/> SpecificProductScreen 1`] = `
<View
  style={
    {
      "display": "flex",
      "flex": 1,
      "margin": 10,
    }
  }
>
  <View
    style={
      {
        "display": "flex",
        "flexDirection": "column",
        "justifyContent": "space-between",
        "marginBottom": 15,
        "marginTop": 15,
      }
    }
  >
    <View
      style={
        {
          "display": "flex",
          "flexDirection": "row",
          "justifyContent": "space-between",
          "margin": 5,
        }
      }
    >
      <Text>
        Product
      </Text>
      <Text />
    </View>
    <View
      style={
        {
          "display": "flex",
          "flexDirection": "row",
          "justifyContent": "space-between",
          "margin": 5,
        }
      }
    >
      <Text>
        Ciudad
      </Text>
      <Text />
    </View>
    <View
      style={
        {
          "display": "flex",
          "flexDirection": "row",
          "justifyContent": "space-between",
          "margin": 5,
        }
      }
    >
      <Text>
        Region
      </Text>
      <Text />
    </View>
    <View
      style={
        {
          "display": "flex",
          "flexDirection": "row",
          "justifyContent": "space-between",
          "margin": 5,
        }
      }
    >
      <Text>
        Precio
      </Text>
      <Text />
    </View>
    <View
      style={
        {
          "display": "flex",
          "flexDirection": "row",
          "justifyContent": "space-between",
          "margin": 5,
        }
      }
    >
      <Text>
        Cantidad
      </Text>
      <Text />
    </View>
  </View>
  <View
    style={
      {
        "alignItems": "center",
        "alignSelf": "center",
        "display": "flex",
        "justifyContent": "center",
      }
    }
  >
    <View
      style={
        {
          "backgroundColor": "#DAFFCD",
          "height": 320,
          "marginBottom": 15,
          "width": 320,
        }
      }
    />
  </View>
  <View
    style={
      {
        "alignItems": "center",
        "backgroundColor": "#00FF7F",
        "display": "flex",
        "flexDirection": "row",
        "justifyContent": "space-between",
        "width": 730,
      }
    }
  >
    <View
      style={
        [
          {
            "overflow": "hidden",
          },
          {
            "borderRadius": 2,
          },
          undefined,
          false,
        ]
      }
      testID="RNE_BUTTON_WRAPPER"
    >
      <View
        accessibilityRole="button"
        accessibilityState={
          {
            "busy": false,
            "checked": undefined,
            "disabled": false,
            "expanded": undefined,
            "selected": undefined,
          }
        }
        accessibilityValue={
          {
            "max": undefined,
            "min": undefined,
            "now": undefined,
            "text": undefined,
          }
        }
        accessible={true}
        collapsable={false}
        focusable={true}
        onClick={[Function]}
        onResponderGrant={[Function]}
        onResponderMove={[Function]}
        onResponderRelease={[Function]}
        onResponderTerminate={[Function]}
        onResponderTerminationRequest={[Function]}
        onStartShouldSetResponder={[Function]}
        style={
          {
            "opacity": 1,
          }
        }
      >
        <View
          style={
            {
              "alignItems": "center",
              "backgroundColor": "#00FF7F",
              "borderColor": "#2089dc",
              "borderRadius": 2,
              "borderWidth": 0,
              "flexDirection": "row",
              "justifyContent": "center",
              "padding": 8,
              "paddingHorizontal": 10,
            }
          }
        >
          <Text
            style={
              {
                "color": "#000",
                "fontSize": 18,
                "paddingVertical": 1,
                "textAlign": "center",
              }
            }
          >
            +
          </Text>
        </View>
      </View>
    </View>
    <View>
      <Text>
        0
      </Text>
    </View>
    <View
      style={
        [
          {
            "overflow": "hidden",
          },
          {
            "borderRadius": 2,
          },
          undefined,
          false,
        ]
      }
      testID="RNE_BUTTON_WRAPPER"
    >
      <View
        accessibilityRole="button"
        accessibilityState={
          {
            "busy": false,
            "checked": undefined,
            "disabled": false,
            "expanded": undefined,
            "selected": undefined,
          }
        }
        accessibilityValue={
          {
            "max": undefined,
            "min": undefined,
            "now": undefined,
            "text": undefined,
          }
        }
        accessible={true}
        collapsable={false}
        focusable={true}
        onClick={[Function]}
        onResponderGrant={[Function]}
        onResponderMove={[Function]}
        onResponderRelease={[Function]}
        onResponderTerminate={[Function]}
        onResponderTerminationRequest={[Function]}
        onStartShouldSetResponder={[Function]}
        style={
          {
            "opacity": 1,
          }
        }
      >
        <View
          style={
            {
              "alignItems": "center",
              "backgroundColor": "#00FF7F",
              "borderColor": "#2089dc",
              "borderRadius": 2,
              "borderWidth": 0,
              "flexDirection": "row",
              "justifyContent": "center",
              "padding": 8,
              "paddingHorizontal": 10,
            }
          }
        >
          <Text
            style={
              {
                "color": "#000",
                "fontSize": 18,
                "paddingVertical": 1,
                "textAlign": "center",
              }
            }
          >
            -
          </Text>
        </View>
      </View>
    </View>
  </View>
  <View
    style={
      [
        {
          "overflow": "hidden",
        },
        {
          "borderRadius": 2,
        },
        undefined,
        false,
      ]
    }
    testID="RNE_BUTTON_WRAPPER"
  >
    <View
      accessibilityRole="button"
      accessibilityState={
        {
          "busy": false,
          "checked": undefined,
          "disabled": false,
          "expanded": undefined,
          "selected": undefined,
        }
      }
      accessibilityValue={
        {
          "max": undefined,
          "min": undefined,
          "now": undefined,
          "text": undefined,
        }
      }
      accessible={true}
      collapsable={false}
      focusable={true}
      onClick={[Function]}
      onResponderGrant={[Function]}
      onResponderMove={[Function]}
      onResponderRelease={[Function]}
      onResponderTerminate={[Function]}
      onResponderTerminationRequest={[Function]}
      onStartShouldSetResponder={[Function]}
      style={
        {
          "opacity": 1,
        }
      }
    >
      <View
        style={
          {
            "alignItems": "center",
            "backgroundColor": "#00FF7F",
            "borderColor": "#2089dc",
            "borderRadius": 2,
            "borderWidth": 0,
            "flexDirection": "row",
            "justifyContent": "center",
            "marginTop": 10,
            "padding": 8,
            "paddingHorizontal": 10,
          }
        }
      >
        <Text
          style={
            {
              "color": "white",
              "fontSize": 18,
              "paddingVertical": 1,
              "textAlign": "center",
            }
          }
        >
          Agregar
        </Text>
      </View>
    </View>
  </View>
</View>
`;
